// Jest Snapshot v1, https://goo.gl/fbAQLP

exports[`MovieCard.createCardElement Should be render correctly 1`] = `"<div class=\\"swiper-slide\\"><a class=\\"card__header\\" href=\\"linkToVideogallery\\">Film</a><div class=\\"card__body\\" style=\\"background-image: url(linkToPoster)\\"></div><div class=\\"card__footer\\"><span class=\\"movieYear\\">2017 year</span><span class=\\"movieRating\\">IMDb rating: 4.2</span></div></div>"`;
